increasing, no id:
......
^^^^^^ (6 dots)
decreasing, no id:
......
^^^^^^ (6 dots)
increasing, with id:
......
^^^^^^ (6 dots)
decreasing, with id:
......
^^^^^^ (6 dots)
nested:
x6
  ......
  ^^^^^^ (6 dots)
  ......
  ^^^^^^ (6 dots)
  ......
  ^^^^^^ (6 dots)
  ......
  ^^^^^^ (6 dots)
  ......
  ^^^^^^ (6 dots)
  ......
  ^^^^^^ (6 dots)
